// Jest Snapshot v1, https://goo.gl/fbAQLP

exports[`AddButton renders correctly 1`] = `
<View
  accessible={true}
  focusable={true}
  onClick={[Function]}
  onResponderGrant={[Function]}
  onResponderMove={[Function]}
  onResponderRelease={[Function]}
  onResponderTerminate={[Function]}
  onResponderTerminationRequest={[Function]}
  onStartShouldSetResponder={[Function]}
  style={
    Object {
      "borderRadius": 38,
    }
  }
>
  <View
    style={
      Array [
        Object {
          "alignItems": "center",
          "backgroundColor": "#4a9dec",
          "borderRadius": 38,
          "elevation": 8,
          "height": 75,
          "justifyContent": "center",
          "width": 75,
        },
        Object {
          "display": "flex",
        },
      ]
    }
  >
    <Image
      source={
        Object {
          "testUri": "../../../src/assets/icons/images/cross.png",
        }
      }
      style={
        Object {
          "transform": Array [
            Object {
              "rotate": "45deg",
            },
            Object {
              "scale": 0.3,
            },
          ],
        }
      }
    />
  </View>
</View>
`;
